// Jest Snapshot v1, https://goo.gl/fbAQLP

exports[`HomeScreen renders correctly snapshot 1`] = `
<View
  style={
    {
      "backgroundColor": "#F3F4F6",
      "flex": 1,
      "padding": 12,
    }
  }
>
  <RCTSafeAreaView>
    <View
      style={
        {
          "alignItems": "center",
          "backgroundColor": "#FFF",
          "borderColor": "#ddd",
          "borderRadius": 10,
          "borderWidth": 1,
          "flexDirection": "row",
          "marginBottom": 12,
          "paddingHorizontal": 12,
          "paddingVertical": 8,
          "shadowColor": "#000",
          "shadowOffset": {
            "height": 2,
            "width": 0,
          },
          "shadowOpacity": 0.1,
          "shadowRadius": 3,
        }
      }
    >
      <Text />
      <TextInput
        onChangeText={[Function]}
        placeholder="Search and Add Cities"
        style={
          {
            "color": "#333",
            "flex": 1,
            "height": 40,
          }
        }
        value=""
      />
    </View>
    <RCTScrollView
      ListEmptyComponent={
        <View
          style={
            {
              "alignItems": "center",
              "flex": 1,
              "justifyContent": "center",
            }
          }
        >
          <Text
            style={
              {
                "color": "#757575",
                "fontSize": 16,
              }
            }
          >
            No Cities Added! Please Add City!
          </Text>
        </View>
      }
      data={[]}
      getItem={[Function]}
      getItemCount={[Function]}
      keyExtractor={[Function]}
      onContentSizeChange={[Function]}
      onLayout={[Function]}
      onMomentumScrollBegin={[Function]}
      onMomentumScrollEnd={[Function]}
      onScroll={[Function]}
      onScrollBeginDrag={[Function]}
      onScrollEndDrag={[Function]}
      removeClippedSubviews={false}
      renderItem={[Function]}
      scrollEventThrottle={0.0001}
      stickyHeaderIndices={[]}
      viewabilityConfigCallbackPairs={[]}
    >
      <View>
        <View
          onLayout={[Function]}
          style={
            {
              "alignItems": "center",
              "flex": 1,
              "justifyContent": "center",
            }
          }
        >
          <Text
            style={
              {
                "color": "#757575",
                "fontSize": 16,
              }
            }
          >
            No Cities Added! Please Add City!
          </Text>
        </View>
      </View>
    </RCTScrollView>
  </RCTSafeAreaView>
</View>
`;
