// Jest Snapshot v1, https://goo.gl/fbAQLP

exports[`IntroductionScreen Snapshot renders correctly 1`] = `
<View
  style={
    {
      "alignItems": "center",
      "backgroundColor": "#FFF",
      "flex": 1,
      "justifyContent": "center",
    }
  }
>
  <ViewManagerAdapter_ExpoLinearGradient
    colors={
      [
        4287546876,
        4292920316,
      ]
    }
    style={
      {
        "alignItems": "center",
        "height": 1334,
        "justifyContent": "space-between",
        "left": 0,
        "position": "absolute",
        "right": 0,
        "top": 0,
      }
    }
    testID="background-gradient"
  >
    <View
      style={
        {
          "alignItems": "center",
          "display": "flex",
          "height": 800.4,
          "justifyContent": "center",
        }
      }
    >
      <Image
        source={1}
        style={
          {
            "height": 350,
            "objectFit": "contain",
            "width": 350,
          }
        }
        testID="intro-image"
      />
    </View>
    <View
      style={
        {
          "height": 533.6,
          "width": 750,
        }
      }
      testID="introduction-carousel"
    >
      <RNCViewPager
        initialPage={0}
        layoutDirection="ltr"
        onMoveShouldSetResponderCapture={[Function]}
        onPageScroll={[Function]}
        onPageScrollStateChanged={[Function]}
        onPageSelected={[Function]}
        style={
          {
            "height": "100%",
            "width": "100%",
          }
        }
      >
        <View
          collapsable={false}
          style={
            {
              "bottom": 0,
              "left": 0,
              "position": "absolute",
              "right": 0,
              "top": 0,
            }
          }
        >
          <View
            style={
              [
                {
                  "alignItems": "center",
                  "backgroundColor": "transparent",
                  "flex": 1,
                  "justifyContent": "center",
                  "padding": 20,
                  "paddingBottom": 60,
                },
                {
                  "bottom": 0,
                  "left": 0,
                  "position": "absolute",
                  "right": 0,
                  "top": 0,
                },
              ]
            }
          >
            <Text
              style={
                {
                  "color": "#0000FF",
                  "fontSize": 20,
                  "fontWeight": "600",
                  "letterSpacing": 1.2,
                  "lineHeight": 28,
                  "textAlign": "center",
                }
              }
            >
              Welcome to WeatherPro
            </Text>
            <Text
              style={
                {
                  "color": "#0000FF",
                  "fontSize": 16,
                  "letterSpacing": 1,
                  "lineHeight": 22,
                  "marginTop": 10,
                  "textAlign": "center",
                }
              }
            >
              Swipe to continue
            </Text>
          </View>
        </View>
        <View
          collapsable={false}
          style={
            {
              "bottom": 0,
              "left": 0,
              "position": "absolute",
              "right": 0,
              "top": 0,
            }
          }
        >
          <View
            style={
              [
                {
                  "alignItems": "center",
                  "backgroundColor": "transparent",
                  "flex": 1,
                  "justifyContent": "center",
                  "padding": 20,
                  "paddingBottom": 60,
                },
                {
                  "bottom": 0,
                  "left": 0,
                  "position": "absolute",
                  "right": 0,
                  "top": 0,
                },
              ]
            }
          >
            <Text
              style={
                {
                  "color": "#0000FF",
                  "fontSize": 20,
                  "fontWeight": "600",
                  "letterSpacing": 1.2,
                  "lineHeight": 28,
                  "textAlign": "center",
                }
              }
            >
              Stay ahead of the weather with accurate forecasts and personalized alerts.
            </Text>
          </View>
        </View>
        <View
          collapsable={false}
          style={
            {
              "bottom": 0,
              "left": 0,
              "position": "absolute",
              "right": 0,
              "top": 0,
            }
          }
        >
          <View
            style={
              [
                {
                  "alignItems": "center",
                  "backgroundColor": "transparent",
                  "flex": 1,
                  "justifyContent": "center",
                  "padding": 20,
                  "paddingBottom": 60,
                },
                {
                  "bottom": 0,
                  "left": 0,
                  "position": "absolute",
                  "right": 0,
                  "top": 0,
                },
              ]
            }
          >
            <Text
              style={
                {
                  "color": "#0000FF",
                  "fontSize": 20,
                  "fontWeight": "600",
                  "letterSpacing": 1.2,
                  "lineHeight": 28,
                  "textAlign": "center",
                }
              }
            >
              Weather updates for your specific location
            </Text>
          </View>
        </View>
      </RNCViewPager>
    </View>
    <View
      accessibilityState={
        {
          "busy": undefined,
          "checked": undefined,
          "disabled": undefined,
          "expanded": undefined,
          "selected": undefined,
        }
      }
      accessibilityValue={
        {
          "max": undefined,
          "min": undefined,
          "now": undefined,
          "text": undefined,
        }
      }
      accessible={true}
      collapsable={false}
      focusable={true}
      onClick={[Function]}
      onResponderGrant={[Function]}
      onResponderMove={[Function]}
      onResponderRelease={[Function]}
      onResponderTerminate={[Function]}
      onResponderTerminationRequest={[Function]}
      onStartShouldSetResponder={[Function]}
      style={
        {
          "alignItems": "center",
          "bottom": 50,
          "justifyContent": "center",
          "opacity": 1,
          "position": "absolute",
        }
      }
      testID="continue-button"
    >
      <View
        style={
          {
            "alignItems": "center",
            "backgroundColor": "#4CAF50",
            "borderRadius": 30,
            "elevation": 5,
            "height": 60,
            "justifyContent": "center",
            "shadowColor": "#000",
            "shadowOffset": {
              "height": 2,
              "width": 0,
            },
            "shadowOpacity": 0.3,
            "shadowRadius": 3,
            "width": 60,
          }
        }
      >
        <Text />
      </View>
    </View>
  </ViewManagerAdapter_ExpoLinearGradient>
</View>
`;
