// Jest Snapshot v1, https://goo.gl/fbAQLP

exports[`Setting Component renders correctly with given data 1`] = `
<View
  style={
    {
      "flex": 1,
      "padding": 20,
    }
  }
>
  <View
    style={
      {
        "alignItems": "center",
        "flexDirection": "row",
        "justifyContent": "space-between",
      }
    }
  >
    <Text>
      Enable Notifications
    </Text>
    <RCTSwitch
      accessibilityRole="switch"
      onChange={[Function]}
      onResponderTerminationRequest={[Function]}
      onStartShouldSetResponder={[Function]}
      onTintColor="#81b0ff"
      style={
        [
          {
            "height": 31,
            "width": 51,
          },
          {
            "backgroundColor": "#3e3e3e",
            "borderRadius": 16,
          },
        ]
      }
      testID="switch"
      thumbTintColor="#f4f3f4"
      tintColor="#767577"
      value={false}
    />
  </View>
  <Text />
</View>
`;
